BEGIN;
CREATE EXTENSION ajbool VERSION '0.0.1';
ALTER EXTENSION ajbool UPDATE TO '1.0.0';
ALTER EXTENSION ajbool UPDATE TO '0.0.1';
ROLLBACK;
